[2026-08-31T16:28:42.434Z][INFO] Command-line: /home/asif/Unity/Hub/Editor/6000.5.10f1/Editor/Data/Resources/PackageManager/Server/UnityPackageManager server -s 149441 --ipc-path /tmp/Unity-Upm-149441.sock -l 2 --log-file /home/asif/Projects/vrGame/vrgame/Logs/upm.log
[2026-08-31T16:28:42.462Z][INFO] IPC server started (IPC path=/tmp/Unity-Upm-149441.sock).
[2026-08-31T16:28:42.462Z][INFO] Hint: To connect to this UPM instance, launch Unity with the command-line parameter -upmIpcPath Upm-149441.
[2026-08-31T16:28:43.574Z][INFO] project:add-dependency <-- Request received
params: {
  "packageId": "com.unity.toolchain.linux-x86_64-linux"
}
[2026-08-31T16:28:43.590Z][INFO] project:add-dependency <-- Request received
params: {
  "packageId": "com.unity.sdk.linux-x86_64"
}
[2026-08-31T16:28:43.818Z][INFO] project:list-packages <-- Request received
params: {}
[2026-08-31T16:28:43.829Z][INFO] project:list-packages <-- Request received
params: {}
[2026-08-31T16:28:44.075Z][INFO] project:list-packages --> 200 (257 ms)
[2026-08-31T16:28:49.718Z][INFO] project:list-packages --> 200 (5889 ms)
[2026-08-31T16:28:49.720Z][INFO] project:add-dependency --> 200 (6146 ms)
[2026-08-31T16:28:49.862Z][INFO] project:list-packages <-- Request received
params: {}
[2026-08-31T16:28:49.870Z][INFO] config:project:get-registries <-- Request received
params: {}
[2026-08-31T16:28:49.882Z][INFO] config:project:get-registries --> 200 (12 ms)
[2026-08-31T16:28:49.980Z][INFO] project:add-dependency --> 200 (6390 ms)
[2026-08-31T16:28:50.119Z][INFO] project:list-packages --> 200 (258 ms)
[2026-08-31T16:28:58.176Z][INFO] project:add-dependency <-- Request received
params: {
  "packageId": "com.unity.toolchain.linux-x86_64-linux"
}
[2026-08-31T16:28:58.187Z][INFO] project:add-dependency <-- Request received
params: {
  "packageId": "com.unity.sdk.linux-x86_64"
}
[2026-08-31T16:28:58.362Z][INFO] project:list-packages <-- Request received
params: {}
[2026-08-31T16:28:58.399Z][INFO] project:list-packages <-- Request received
params: {}
[2026-08-31T16:28:58.495Z][INFO] project:add-dependency --> 200 (319 ms)
[2026-08-31T16:28:59.020Z][INFO] project:list-packages --> 200 (658 ms)
[2026-08-31T16:28:59.057Z][INFO] project:list-packages --> 200 (658 ms)
[2026-08-31T16:28:59.127Z][INFO] project:add-dependency --> 200 (940 ms)
[2026-08-31T16:29:00.924Z][INFO] config:project:get-registries <-- Request received
params: {}
[2026-08-31T16:29:00.927Z][INFO] config:project:get-registries --> 200 (3 ms)
[2026-08-31T16:29:00.995Z][INFO] packages:get-all-packageinfo <-- Request received
params: {}
[2026-08-31T16:29:01.035Z][INFO] project:list-packages <-- Request received
params: {}
[2026-08-31T16:29:01.544Z][INFO] packages:get-all-packageinfo --> 200 (549 ms)
[2026-08-31T16:29:01.786Z][INFO] project:list-packages --> 200 (751 ms)
[2026-08-31T16:29:05.662Z][INFO] project:list-packages <-- Request received
params: {}
[2026-08-31T16:29:06.033Z][INFO] project:list-packages --> 200 (371 ms)
[2026-08-31T16:29:08.240Z][INFO] project:list-packages <-- Request received
params: {}
[2026-08-31T16:29:08.480Z][INFO] project:list-packages --> 200 (240 ms)
[2026-08-31T16:29:11.675Z][INFO] project:add-dependency <-- Request received
params: {
  "packageId": "com.unity.toolchain.linux-x86_64-linux"
}
[2026-08-31T16:29:11.686Z][INFO] project:add-dependency <-- Request received
params: {
  "packageId": "com.unity.sdk.linux-x86_64"
}
[2026-08-31T16:29:11.934Z][INFO] project:add-dependency --> 200 (259 ms)
[2026-08-31T16:29:12.031Z][INFO] project:list-packages <-- Request received
params: {}
[2026-08-31T16:29:12.052Z][INFO] project:list-packages <-- Request received
params: {}
[2026-08-31T16:29:12.296Z][INFO] project:add-dependency --> 200 (610 ms)
[2026-08-31T16:29:12.431Z][INFO] project:list-packages --> 200 (400 ms)
[2026-08-31T16:29:12.461Z][INFO] project:list-packages --> 200 (409 ms)
[2026-08-31T16:29:12.672Z][INFO] config:project:get-registries <-- Request received
params: {}
[2026-08-31T16:29:12.676Z][INFO] config:project:get-registries --> 200 (4 ms)
[2026-08-31T16:29:13.285Z][INFO] packages:get-all-packageinfo <-- Request received
params: {}
[2026-08-31T16:29:13.698Z][INFO] packages:get-all-packageinfo --> 200 (413 ms)
[2026-08-31T16:29:15.263Z][INFO] project:list-packages <-- Request received
params: {}
[2026-08-31T16:29:15.549Z][INFO] project:list-packages --> 200 (286 ms)
[2026-08-31T16:29:17.121Z][INFO] project:list-packages <-- Request received
params: {}
[2026-08-31T16:29:17.134Z][INFO] project:list-packages <-- Request received
params: {}
[2026-08-31T16:29:17.345Z][INFO] project:list-packages --> 200 (211 ms)
[2026-08-31T16:29:23.379Z][INFO] project:list-packages --> 200 (6258 ms)
[2026-08-31T16:30:17.619Z][INFO] project:add-dependency <-- Request received
params: {
  "packageId": "com.unity.toolchain.linux-x86_64-linux"
}
[2026-08-31T16:30:17.630Z][INFO] project:add-dependency <-- Request received
params: {
  "packageId": "com.unity.sdk.linux-x86_64"
}
[2026-08-31T16:30:17.752Z][INFO] project:list-packages <-- Request received
params: {}
[2026-08-31T16:30:17.976Z][INFO] project:list-packages --> 200 (224 ms)
[2026-08-31T16:30:18.334Z][INFO] config:project:get-registries <-- Request received
params: {}
[2026-08-31T16:30:18.337Z][INFO] config:project:get-registries --> 200 (3 ms)
[2026-08-31T16:30:21.690Z][INFO] project:list-packages <-- Request received
params: {}
[2026-08-31T16:30:22.017Z][INFO] project:list-packages --> 200 (327 ms)
[2026-08-31T16:30:27.216Z][INFO] project:add-dependency --> 200 (9597 ms)
[2026-08-31T16:30:27.506Z][INFO] project:add-dependency --> 200 (9876 ms)
[2026-08-31T16:31:43.036Z][INFO] project:list-packages <-- Request received
params: {}
[2026-08-31T16:31:48.886Z][INFO] project:list-packages --> 200 (5850 ms)
[2026-08-31T16:44:16.364Z][INFO] project:add-dependency <-- Request received
params: {
  "packageId": "com.unity.toolchain.linux-x86_64-linux"
}
[2026-08-31T16:44:16.380Z][INFO] project:add-dependency <-- Request received
params: {
  "packageId": "com.unity.sdk.linux-x86_64"
}
[2026-08-31T16:44:16.730Z][INFO] project:list-packages <-- Request received
params: {}
[2026-08-31T16:44:17.151Z][INFO] project:list-packages --> 200 (421 ms)
[2026-08-31T16:44:17.598Z][INFO] config:project:get-registries <-- Request received
params: {}
[2026-08-31T16:44:17.644Z][INFO] config:project:get-registries --> 200 (46 ms)
[2026-08-31T16:44:18.461Z][INFO] project:list-packages <-- Request received
params: {}
[2026-08-31T16:44:18.820Z][INFO] project:list-packages --> 200 (359 ms)
[2026-08-31T16:44:21.670Z][INFO] project:list-packages <-- Request received
params: {}
[2026-08-31T16:44:21.933Z][INFO] project:list-packages --> 200 (263 ms)
[2026-08-31T16:44:22.801Z][INFO] project:add-dependency --> 200 (6437 ms)
[2026-08-31T16:44:23.065Z][INFO] project:add-dependency --> 200 (6685 ms)
[2026-08-31T16:44:24.103Z][INFO] project:add-dependency <-- Request received
params: {
  "packageId": "com.unity.toolchain.linux-x86_64-linux"
}
[2026-08-31T16:44:24.113Z][INFO] project:add-dependency <-- Request received
params: {
  "packageId": "com.unity.sdk.linux-x86_64"
}
[2026-08-31T16:44:24.281Z][INFO] project:list-packages <-- Request received
params: {}
[2026-08-31T16:44:24.318Z][INFO] project:add-dependency --> 200 (215 ms)
[2026-08-31T16:44:24.596Z][INFO] project:list-packages --> 200 (315 ms)
[2026-08-31T16:44:24.649Z][INFO] project:add-dependency --> 200 (536 ms)
[2026-08-31T16:44:24.919Z][INFO] config:project:get-registries <-- Request received
params: {}
[2026-08-31T16:44:24.923Z][INFO] config:project:get-registries --> 200 (4 ms)
[2026-08-31T16:44:27.889Z][INFO] project:list-packages <-- Request received
params: {}
[2026-08-31T16:44:28.192Z][INFO] project:list-packages --> 200 (303 ms)
[2026-08-31T16:50:12.688Z][INFO] project:add-dependency <-- Request received
params: {
  "packageId": "com.unity.toolchain.linux-x86_64-linux"
}
[2026-08-31T16:50:12.711Z][INFO] project:add-dependency <-- Request received
params: {
  "packageId": "com.unity.sdk.linux-x86_64"
}
[2026-08-31T16:50:13.077Z][INFO] project:list-packages <-- Request received
params: {}
[2026-08-31T16:50:13.401Z][INFO] project:list-packages --> 200 (324 ms)
[2026-08-31T16:50:13.821Z][INFO] config:project:get-registries <-- Request received
params: {}
[2026-08-31T16:50:13.825Z][INFO] config:project:get-registries --> 200 (4 ms)
[2026-08-31T16:50:15.959Z][INFO] project:list-packages <-- Request received
params: {}
[2026-08-31T16:50:16.315Z][INFO] project:list-packages --> 200 (356 ms)
[2026-08-31T16:50:21.177Z][INFO] project:add-dependency --> 200 (8490 ms)
[2026-08-31T16:50:21.441Z][INFO] project:add-dependency --> 200 (8730 ms)
[2026-08-31T16:50:58.590Z][INFO] project:add-dependency <-- Request received
params: {
  "packageId": "com.unity.toolchain.linux-x86_64-linux"
}
[2026-08-31T16:50:58.601Z][INFO] project:add-dependency <-- Request received
params: {
  "packageId": "com.unity.sdk.linux-x86_64"
}
[2026-08-31T16:50:58.732Z][INFO] project:list-packages <-- Request received
params: {}
[2026-08-31T16:50:58.909Z][INFO] project:list-packages --> 200 (177 ms)
[2026-08-31T16:50:59.354Z][INFO] config:project:get-registries <-- Request received
params: {}
[2026-08-31T16:50:59.357Z][INFO] config:project:get-registries --> 200 (3 ms)
[2026-08-31T16:51:02.898Z][INFO] project:list-packages <-- Request received
params: {}
[2026-08-31T16:51:03.284Z][INFO] project:list-packages --> 200 (386 ms)
[2026-08-31T16:51:06.757Z][INFO] project:add-dependency --> 200 (8167 ms)
[2026-08-31T16:51:07.030Z][INFO] project:add-dependency --> 200 (8429 ms)
[2026-08-31T16:52:22.607Z][INFO] project:add-dependency <-- Request received
params: {
  "packageId": "com.unity.toolchain.linux-x86_64-linux"
}
[2026-08-31T16:52:22.618Z][INFO] project:add-dependency <-- Request received
params: {
  "packageId": "com.unity.sdk.linux-x86_64"
}
[2026-08-31T16:52:22.770Z][INFO] project:list-packages <-- Request received
params: {}
[2026-08-31T16:52:22.984Z][INFO] project:list-packages --> 200 (214 ms)
[2026-08-31T16:52:23.432Z][INFO] config:project:get-registries <-- Request received
params: {}
[2026-08-31T16:52:23.436Z][INFO] config:project:get-registries --> 200 (4 ms)
[2026-08-31T16:52:27.557Z][INFO] project:list-packages <-- Request received
params: {}
[2026-08-31T16:52:27.924Z][INFO] project:list-packages --> 200 (367 ms)
[2026-08-31T16:52:30.480Z][INFO] project:add-dependency --> 200 (7873 ms)
[2026-08-31T16:52:30.803Z][INFO] project:add-dependency --> 200 (8185 ms)
[2026-08-31T16:52:49.294Z][INFO] project:add-dependency <-- Request received
params: {
  "packageId": "com.unity.toolchain.linux-x86_64-linux"
}
[2026-08-31T16:52:49.307Z][INFO] project:add-dependency <-- Request received
params: {
  "packageId": "com.unity.sdk.linux-x86_64"
}
[2026-08-31T16:52:49.664Z][INFO] project:add-dependency --> 200 (370 ms)
[2026-08-31T16:52:49.818Z][INFO] project:list-packages <-- Request received
params: {}
[2026-08-31T16:52:50.240Z][INFO] project:add-dependency --> 200 (933 ms)
[2026-08-31T16:52:50.364Z][INFO] project:list-packages --> 200 (546 ms)
[2026-08-31T16:52:50.733Z][INFO] config:project:get-registries <-- Request received
params: {}
[2026-08-31T16:52:50.738Z][INFO] config:project:get-registries --> 200 (5 ms)
[2026-08-31T16:52:53.225Z][INFO] project:list-packages <-- Request received
params: {}
[2026-08-31T16:52:53.645Z][INFO] project:list-packages --> 200 (420 ms)
[2026-08-31T16:52:58.938Z][INFO] project:add-dependency <-- Request received
params: {
  "packageId": "com.unity.toolchain.linux-x86_64-linux"
}
[2026-08-31T16:52:58.951Z][INFO] project:add-dependency <-- Request received
params: {
  "packageId": "com.unity.sdk.linux-x86_64"
}
[2026-08-31T16:52:59.317Z][INFO] project:list-packages <-- Request received
params: {}
[2026-08-31T16:52:59.698Z][INFO] project:list-packages --> 200 (380 ms)
[2026-08-31T16:53:00.197Z][INFO] config:project:get-registries <-- Request received
params: {}
[2026-08-31T16:53:00.201Z][INFO] config:project:get-registries --> 200 (4 ms)
[2026-08-31T16:53:02.944Z][INFO] project:list-packages <-- Request received
params: {}
[2026-08-31T16:53:03.290Z][INFO] project:list-packages --> 200 (347 ms)
[2026-08-31T16:53:06.293Z][INFO] project:add-dependency --> 200 (7355 ms)
[2026-08-31T16:53:06.492Z][INFO] project:add-dependency --> 200 (7542 ms)
[2026-08-31T16:53:55.012Z][INFO] project:add-dependency <-- Request received
params: {
  "packageId": "com.unity.toolchain.linux-x86_64-linux"
}
[2026-08-31T16:53:55.021Z][INFO] project:add-dependency <-- Request received
params: {
  "packageId": "com.unity.sdk.linux-x86_64"
}
[2026-08-31T16:53:55.154Z][INFO] project:list-packages <-- Request received
params: {}
[2026-08-31T16:53:55.380Z][INFO] project:list-packages --> 200 (226 ms)
[2026-08-31T16:53:55.764Z][INFO] config:project:get-registries <-- Request received
params: {}
[2026-08-31T16:53:55.767Z][INFO] config:project:get-registries --> 200 (3 ms)
[2026-08-31T16:53:59.573Z][INFO] project:list-packages <-- Request received
params: {}
[2026-08-31T16:53:59.899Z][INFO] project:list-packages --> 200 (326 ms)
[2026-08-31T16:54:02.074Z][INFO] project:add-dependency --> 200 (7063 ms)
[2026-08-31T16:54:02.309Z][INFO] project:add-dependency --> 200 (7288 ms)
[2026-08-31T17:32:38.522Z][INFO] Received shutdown request (SIGINT), shutting down Unity Package Manager
